// Jest Snapshot v1, https://goo.gl/fbAQLP

exports[`renders Signup 1`] = `[Function]`;
