// Jest Snapshot v1, https://goo.gl/fbAQLP

exports[`renders signin 1`] = `[Function]`;
